[learningexample.com/anime-index.html]
[backblue.gif]
[fade.gif]
[index.html]
[learningexample.com/assets/images/dark/icon.png]
[learningexample.com/assets/vendor/fontawesome-free/js/all.js]
[learningexample.com/assets/vendor/fontawesome-free/js/v4-shims.js]
[learningexample.com/assets/vendor/jquery/dist/jquery.min.js]
[learningexample.com/assets/images/logo-light.png]
[learningexample.com/index.html]
[learningexample.com/assets/images/anime/banner-bg.jpg]
[learningexample.com/assets/images/anime/game-brs-1-1920x1179.jpg]
[learningexample.com/assets/images/anime/game-brs-1-500x375.jpg]
[learningexample.com/assets/images/anime/game-brs-2-1920x1006.jpg]
[learningexample.com/assets/images/anime/game-brs-2-500x375.jpg]
[learningexample.com/assets/images/anime/game-brs-3-1920x1080.jpg]
[learningexample.com/assets/images/anime/game-brs-3-500x375.jpg]
[learningexample.com/assets/images/anime/game-brs-4-1920x1200.jpg]
[learningexample.com/assets/images/anime/game-brs-4-500x375.jpg]
[learningexample.com/assets/images/anime/game-brs-5-1525x900.jpg]
[learningexample.com/assets/images/anime/game-brs-5-500x375.jpg]
[learningexample.com/assets/images/anime/game-brs-6-1920x1111.jpg]
[learningexample.com/assets/images/anime/game-brs-6-500x375.jpg]
[learningexample.com/assets/images/anime/avatar-user-2.png]
[learningexample.com/assets/images/anime/avatar-user-3.png]
[learningexample.com/assets/images/anime/avatar-user-4.png]
[learningexample.com/anime-blog-post.html]
[learningexample.com/assets/images/anime/game-brs-7-500x375.jpg]
[learningexample.com/assets/images/anime/game-brs-8-1920x1080.jpg]
[learningexample.com/assets/images/anime/partner-logo-1.png]
[learningexample.com/assets/images/anime/partner-logo-2.png]
[learningexample.com/assets/images/anime/partner-logo-3.png]
[learningexample.com/assets/images/anime/partner-logo-4.png]
[learningexample.com/assets/images/anime/partner-logo-5.png]
[learningexample.com/assets/images/anime/partner-logo-6.png]
[learningexample.com/assets/images/anime/partner-logo-7.png]
[learningexample.com/assets/images/anime/partner-logo-8.png]
[learningexample.com/assets/images/anime/footer-bg.jpg]
[learningexample.com/assets/vendor/object-fit-images/dist/ofi.min.js]
[learningexample.com/assets/vendor/HexagonProgress/jquery.hexagonprogress.min.js]
[learningexample.com/assets/vendor/bootstrap/dist/js/bootstrap.min.js]
[learningexample.com/assets/vendor/jarallax/dist/jarallax.min.js]
[learningexample.com/assets/vendor/flickity/dist/flickity.pkgd.min.js]
[learningexample.com/assets/vendor/jquery-countdown/dist/jquery.countdown.min.js]
[learningexample.com/assets/vendor/moment/min/moment.min.js]
[learningexample.com/assets/vendor/moment-timezone/builds/moment-timezone-with-data.min.js]
[learningexample.com/assets/vendor/magnific-popup/dist/jquery.magnific-popup.min.js]
[learningexample.com/assets/vendor/slider-revolution/js/jquery.themepunch.tools.min.js]
[learningexample.com/assets/vendor/slider-revolution/js/jquery.themepunch.revolution.min.js]
[learningexample.com/assets/vendor/imagesloaded/imagesloaded.pkgd.min.js]
[learningexample.com/assets/vendor/isotope-layout/dist/isotope.pkgd.min.js]
[learningexample.com/assets/vendor/bootstrap-validator/dist/validator.min.js]
[learningexample.com/assets/vendor/bootstrap-sweetalert/dist/sweetalert.min.js]
[learningexample.com/assets/vendor/social-likes/dist/social-likes.min.js]
[learningexample.com/assets/js/youplay.min.js]
[learningexample.com/assets/js/youplay-init.js]
[learningexample.com/anime-index.html]
[learningexample.com/assets/vendor/bootstrap/dist/fonts/glyphicons-halflings-regular.eot]
[learningexample.com/assets/vendor/bootstrap/dist/fonts/glyphicons-halflings-regulard41d.eot]
[learningexample.com/assets/vendor/bootstrap/dist/fonts/glyphicons-halflings-regular.woff]
[learningexample.com/assets/vendor/bootstrap/dist/fonts/glyphicons-halflings-regular.ttf]
[learningexample.com/assets/vendor/bootstrap/dist/css/bootstrap.min.css]
[learningexample.com/assets/vendor/flickity/dist/flickity.min.css]
[learningexample.com/assets/vendor/magnific-popup/dist/magnific-popup.css]
[learningexample.com/assets/vendor/slider-revolution/fonts/revicons/revicons90c6.eot]
[learningexample.com/assets/vendor/slider-revolution/fonts/revicons/revicons90c6.woff]
[learningexample.com/assets/vendor/slider-revolution/fonts/revicons/revicons90c6.ttf]
[learningexample.com/assets/vendor/slider-revolution/assets/gridtile.png]
[learningexample.com/assets/vendor/slider-revolution/assets/gridtile_white.png]
[learningexample.com/assets/vendor/slider-revolution/assets/gridtile_3x3.png]
[learningexample.com/assets/vendor/slider-revolution/assets/gridtile_3x3_white.png]
[learningexample.com/assets/vendor/slider-revolution/assets/coloredbg.png]
[learningexample.com/assets/vendor/slider-revolution/assets/loader.gif]
[learningexample.com/assets/vendor/slider-revolution/css/settings.css]
[learningexample.com/assets/vendor/slider-revolution/css/layers.css]
[learningexample.com/assets/vendor/slider-revolution/css/navigation.css]
[learningexample.com/assets/vendor/bootstrap-sweetalert/dist/sweetalert.css]
[learningexample.com/assets/vendor/social-likes/dist/social-likes_flat.css]
[learningexample.com/assets/css/youplay-anime.css]
[learningexample.com/assets/css/custom.css]
[learningexample.com/assets/images/anime/site-background.jpg]
[learningexample.com/assets/css/custom-anime.css]
[learningexample.com/store-1.html]
[learningexample.com/store-2.html]
[learningexample.com/cart.html]
[learningexample.com/store-product-1.html]
[learningexample.com/store-product-2.html]
[learningexample.com/checkout.html]
[learningexample.com/blog-1.html]
[learningexample.com/blog-2.html]
[learningexample.com/blog-3.html]
[learningexample.com/blog-post-1.html]
[learningexample.com/blog-post-2.html]
[learningexample.com/blog-post-3.html]
[learningexample.com/components.html]
[learningexample.com/forums.html]
[learningexample.com/forums-topics.html]
[learningexample.com/forums-single-topic.html]
[learningexample.com/matches-list.html]
[learningexample.com/match.html]
[learningexample.com/match-2.html]
[learningexample.com/login.html]
[learningexample.com/widgets.html]
[learningexample.com/coming-soon.html]
[learningexample.com/contact.html]
[learningexample.com/search.html]
[learningexample.com/404.html]
[learningexample.com/blank.html]
[learningexample.com/user-activity.html]
[learningexample.com/user-profile.html]
[learningexample.com/user-messages.html]
[learningexample.com/user-messages-compose.html]
[learningexample.com/user-settings.html]
[learningexample.com/assets/images/dark/game-bloodborne-500x375.jpg]
[learningexample.com/assets/images/dark/game-kingdoms-of-amalur-reckoning-500x375.jpg]
[learningexample.com/assets/images/dark/banner-bg.jpg]
[learningexample.com/dark-index.html]
[learningexample.com/assets/images/demo-dark.jpg]
[learningexample.com/shooter-index.html]
[learningexample.com/assets/images/demo-shooter.jpg]
[learningexample.com/assets/images/demo-anime.jpg]
[learningexample.com/light-index.html]
[learningexample.com/assets/images/demo-light.jpg]
[learningexample.com/assets/images/dark/game-dark-souls-ii-1920x1080.jpg]
[learningexample.com/assets/images/dark/game-bloodborne-1920x1151.jpg]
[learningexample.com/assets/images/dark/footer-bg.jpg]
[learningexample.com/index.html]
[learningexample.com/assets/images/anime/avatar-user-1.png]
[learningexample.com/assets/images/anime/avatar.png]
[learningexample.com/anime-blog-post-1.html]
[learningexample.com/anime-blog-post.html]
[learningexample.com/assets/vendor/bootstrap/dist/fonts/glyphicons-halflings-regular.html]
[learningexample.com/assets/vendor/bootstrap/dist/fonts/glyphicons-halflings-regular.svg]
[learningexample.com/assets/vendor/slider-revolution/fonts/revicons/revicons90c6.svg]
[learningexample.com/assets/vendor/slider-revolution/css/openhand.html]
[learningexample.com/assets/vendor/slider-revolution/css/closedhand.html]
[learningexample.com/assets/css/youplay.css]
[learningexample.com/assets/images/dark/dummy.png]
[learningexample.com/assets/images/dark/game-dark-souls-ii-500x375.jpg]
[learningexample.com/assets/images/dark/game-the-witcher-500x375.jpg]
[learningexample.com/assets/images/dark/game-skyrim-500x375.jpg]
[learningexample.com/assets/images/dark/game-middle-eart-shadow-of-mordor-500x375.jpg]
[learningexample.com/assets/images/dark/game-soul-sacrifice-500x375.jpg]
[learningexample.com/assets/images/dark/game-diablo-iii-500x375.jpg]
[learningexample.com/assets/images/dark/game-dragons-dogma-500x375.jpg]
[learningexample.com/assets/images/dark/game-lords-of-the-fallen-500x375.jpg]
[learningexample.com/assets/images/dark/game-prototype-500x375.jpg]
[learningexample.com/assets/images/dark/game-risen-3-500x375.jpg]
[learningexample.com/assets/images/dark/game-neverwinter-500x375.jpg]
[learningexample.com/assets/images/dark/game-assassins-creed-4-500x375.jpg]
[learningexample.com/assets/images/dark/game-half-life-3-500x375.jpg]
[learningexample.com/store-1.html]
[learningexample.com/store-2.html]
[learningexample.com/assets/images/dark/banner-blog-bg.jpg]
[learningexample.com/cart.html]
[learningexample.com/assets/images/dark/game-bloodborne-4-1920x1080.jpg]
[learningexample.com/assets/images/dark/game-bloodborne-4-500x375.jpg]
[learningexample.com/assets/images/dark/game-bloodborne-5-1920x1080.jpg]
[learningexample.com/assets/images/dark/game-bloodborne-5-500x375.jpg]
[learningexample.com/assets/images/dark/game-bloodborne-2-1920x1080.jpg]
[learningexample.com/assets/images/dark/game-bloodborne-2-500x375.jpg]
[learningexample.com/assets/images/dark/game-bloodborne-3-1920x1080.jpg]
[learningexample.com/assets/images/dark/game-bloodborne-3-500x375.jpg]
[learningexample.com/assets/images/dark/game-bloodborne-6-1920x1080.jpg]
[learningexample.com/assets/images/dark/game-bloodborne-6-500x375.jpg]
[learningexample.com/assets/images/dark/game-bloodborne-7-1920x1080.jpg]
[learningexample.com/assets/images/dark/game-bloodborne-7-500x375.jpg]
[learningexample.com/assets/images/dark/avatar-user-1.png]
[learningexample.com/assets/images/dark/avatar-user-4.png]
[learningexample.com/assets/images/dark/avatar.png]
[learningexample.com/store-product-1.html]
[learningexample.com/assets/images/dark/game-dark-souls-ii-5-1280x720.jpg]
[learningexample.com/assets/images/dark/game-dark-souls-ii-5-500x375.jpg]
[learningexample.com/assets/images/dark/game-dark-souls-ii-6-1280x720.jpg]
[learningexample.com/assets/images/dark/game-dark-souls-ii-6-500x375.jpg]
[learningexample.com/assets/images/dark/game-dark-souls-ii-7-1280x720.jpg]
[learningexample.com/assets/images/dark/game-dark-souls-ii-7-500x375.jpg]
[learningexample.com/assets/images/dark/game-dark-souls-ii-8-1280x720.jpg]
[learningexample.com/assets/images/dark/game-dark-souls-ii-8-500x375.jpg]
[learningexample.com/assets/images/dark/game-dark-souls-ii-9-1280x720.jpg]
[learningexample.com/assets/images/dark/game-dark-souls-ii-9-500x375.jpg]
[learningexample.com/assets/images/dark/avatar-user-3.png]
[learningexample.com/store-product-2.html]
[learningexample.com/checkout.html]
[learningexample.com/blog-1.html]
[learningexample.com/blog-2.html]
[learningexample.com/blog-3.html]
[learningexample.com/blog-post-1.html]
[learningexample.com/assets/images/dark/game-dark-souls-ii-2-1920x1248.jpg]
[learningexample.com/assets/images/dark/game-dark-souls-ii-2-500x375.jpg]
[learningexample.com/assets/images/dark/game-dark-souls-ii-3-1920x1080.jpg]
[learningexample.com/assets/images/dark/game-dark-souls-ii-3-500x375.jpg]
[learningexample.com/assets/images/dark/game-dark-souls-ii-4-1280x720.jpg]
[learningexample.com/assets/images/dark/game-dark-souls-ii-4-500x375.jpg]
[learningexample.com/blog-post-2.html]
[learningexample.com/assets/images/dark/game-kingdoms-of-amalur-reckoning-1440x900.jpg]
[learningexample.com/assets/images/dark/game-kingdoms-of-amalur-reckoning-2-1940x1185.jpg]
[learningexample.com/assets/images/dark/game-kingdoms-of-amalur-reckoning-2-500x375.jpg]
[learningexample.com/assets/images/dark/game-kingdoms-of-amalur-reckoning-3-1920x1080.jpg]
[learningexample.com/assets/images/dark/game-kingdoms-of-amalur-reckoning-3-500x375.jpg]
[learningexample.com/assets/images/dark/game-kingdoms-of-amalur-reckoning-4-1920x1080.jpg]
[learningexample.com/assets/images/dark/game-kingdoms-of-amalur-reckoning-4-500x375.jpg]
[learningexample.com/assets/images/dark/game-kingdoms-of-amalur-reckoning-5-1280x800.jpg]
[learningexample.com/assets/images/dark/game-kingdoms-of-amalur-reckoning-5-500x375.jpg]
[learningexample.com/assets/images/dark/avatar-user-2.png]
[learningexample.com/blog-post-3.html]
[learningexample.com/components.html]
[learningexample.com/forums.html]
[learningexample.com/forums-topics.html]
[learningexample.com/forums-single-topic.html]
[learningexample.com/assets/images/dark/game-diablo-iii-1400x656.jpg]
[learningexample.com/assets/images/dark/clan-navi.jpg]
[learningexample.com/assets/images/dark/clan-ehome.jpg]
[learningexample.com/assets/images/dark/clan-youplay.jpg]
[learningexample.com/assets/images/dark/clan-team-secret.jpg]
[learningexample.com/assets/images/dark/clan-fnatic.jpg]
[learningexample.com/assets/images/dark/clan-skt-t1.jpg]
[learningexample.com/assets/images/dark/clan-virtus-pro.jpg]
[learningexample.com/matches-list.html]
[learningexample.com/match.html]
[learningexample.com/assets/images/dark/game-map-dust.jpg]
[learningexample.com/assets/images/dark/game-map-mirage.jpg]
[learningexample.com/match-2.html]
[learningexample.com/login.html]
[learningexample.com/widgets.html]
[learningexample.com/assets/images/dark/banner-witcher-3.jpg]
[learningexample.com/assets/images/dark/logo-witcher-3-400x197.png]
[learningexample.com/coming-soon.html]
[learningexample.com/contact.html]
[learningexample.com/search.html]
[learningexample.com/assets/images/dark/game-dark-souls-ii-10-1680x1050.jpg]
[learningexample.com/404.html]
[learningexample.com/blank.html]
[learningexample.com/assets/images/dark/user-photo.jpg]
[learningexample.com/assets/images/dark/user-avatar.jpg]
[learningexample.com/main-inbox.html]
[learningexample.com/user-activity.html]
[learningexample.com/user-profile.html]
[learningexample.com/user-messages.html]
[learningexample.com/user-messages-compose.html]
[learningexample.com/user-settings.html]
[learningexample.com/assets/images/dark/partner-logo-1.png]
[learningexample.com/assets/images/dark/partner-logo-2.png]
[learningexample.com/assets/images/dark/partner-logo-3.png]
[learningexample.com/assets/images/dark/partner-logo-4.png]
[learningexample.com/assets/images/dark/partner-logo-5.png]
[learningexample.com/assets/images/dark/partner-logo-6.png]
[learningexample.com/assets/images/dark/partner-logo-7.png]
[learningexample.com/assets/images/dark/partner-logo-8.png]
[learningexample.com/dark-index.html]
[learningexample.com/assets/images/shooter/logo.png]
[learningexample.com/shooter-blog.html]
[learningexample.com/shooter-forums.html]
[learningexample.com/assets/images/shooter/banner-bg.jpg]
[learningexample.com/assets/images/shooter/game-cos-1-500x375.jpg]
[learningexample.com/blog.html]
[learningexample.com/assets/images/shooter/game-cos-6-500x375.jpg]
[learningexample.com/assets/images/shooter/game-cos-3-500x375.jpg]
[learningexample.com/assets/images/shooter/game-cos-4-500x375.jpg]
[learningexample.com/assets/images/shooter/game-cos-2-1920x1200.jpg]
[learningexample.com/assets/images/shooter/game-cos-7-1920x1200.jpg]
[learningexample.com/assets/images/shooter/game-cos-5-1920x1080.jpg]
[learningexample.com/assets/images/shooter/game-cos-2-500x375.jpg]
[learningexample.com/shooter-index.html]
[learningexample.com/assets/images/demo-anime.jpg]
[learningexample.com/assets/images/light/logo.png]
[learningexample.com/light-store-1.html]
[learningexample.com/light-store-2.html]
[learningexample.com/light-cart.html]
[learningexample.com/light-store-product-1.html]
[learningexample.com/light-store-product-2.html]
[learningexample.com/light-checkout.html]
[learningexample.com/light-blog-1.html]
[learningexample.com/light-blog-2.html]
[learningexample.com/light-blog-3.html]
[learningexample.com/light-blog-post-1.html]
[learningexample.com/light-blog-post-2.html]
[learningexample.com/light-blog-post-3.html]
[learningexample.com/light-components.html]
[learningexample.com/light-forums.html]
[learningexample.com/light-forums-topics.html]
[learningexample.com/light-forums-single-topic.html]
[learningexample.com/light-matches-list.html]
[learningexample.com/light-match.html]
[learningexample.com/light-match-2.html]
[learningexample.com/light-login.html]
[learningexample.com/light-widgets.html]
[learningexample.com/light-coming-soon.html]
[learningexample.com/light-contact.html]
[learningexample.com/light-search.html]
[learningexample.com/light-404.html]
[learningexample.com/light-blank.html]
[learningexample.com/light-user-activity.html]
[learningexample.com/light-user-profile.html]
[learningexample.com/light-user-messages.html]
[learningexample.com/light-user-messages-compose.html]
[learningexample.com/assets/images/light/game-journey-500x375.jpg]
[learningexample.com/light-user-settings.html]
[learningexample.com/assets/images/light/game-road-no-taken-500x375.jpg]
[learningexample.com/assets/images/light/banner-blog-bg.jpg]
[learningexample.com/assets/images/light/game-botanicula-500x375.jpg]
[learningexample.com/assets/images/light/game-flower-500x375.jpg]
[learningexample.com/assets/images/light/game-no-mans-sky-500x375.jpg]
[learningexample.com/assets/images/light/game-proteus-500x375.jpg]
[learningexample.com/assets/images/light/game-brothers-a-tale-of-two-sons-500x375.jpg]
[learningexample.com/assets/images/light/game-machinarium-500x375.jpg]
[learningexample.com/assets/images/light/game-dream-500x375.jpg]
[learningexample.com/assets/images/light/game-world-of-goo-500x375.jpg]
[learningexample.com/assets/images/light/banner-broken-age.jpg]
[learningexample.com/assets/images/light/banner-bg.jpg]
[learningexample.com/assets/images/light/partner-logo-1.png]
[learningexample.com/assets/images/light/partner-logo-2.png]
[learningexample.com/assets/images/light/partner-logo-3.png]
[learningexample.com/assets/images/light/partner-logo-4.png]
[learningexample.com/assets/images/light/partner-logo-5.png]
[learningexample.com/assets/images/light/partner-logo-6.png]
[learningexample.com/assets/images/light/partner-logo-7.png]
[learningexample.com/assets/images/light/partner-logo-8.png]
[learningexample.com/assets/images/light/footer-bg.jpg]
[learningexample.com/light-index.html]
[learningexample.com/anime-blog-post-1.html]
[learningexample.com/main-inbox.html]
[learningexample.com/assets/css/youplay-shooter.css]
[learningexample.com/assets/css/custom-shooter.css]
[learningexample.com/shooter-blog-post.html]
[learningexample.com/shooter-blog.html]
[learningexample.com/assets/images/shooter/avatar-user-2.png]
[learningexample.com/shooter-forums.html]
[learningexample.com/blog.html]
[learningexample.com/assets/css/youplay-light.css]
[learningexample.com/assets/images/light/dummy.png]
[learningexample.com/assets/images/light/game-broken-age-500x375.jpg]
[learningexample.com/assets/images/light/game-deponia-500x375.jpg]
[learningexample.com/assets/images/light/game-dreamfall-chapters-500x375.jpg]
[learningexample.com/assets/images/light/game-flow-500x375.jpg]
[learningexample.com/assets/images/light/game-mirrormoon-500x375.jpg]
[learningexample.com/light-store-1.html]
[learningexample.com/light-store-2.html]
[learningexample.com/light-cart.html]
[learningexample.com/assets/images/light/game-road-no-taken-1400x788.jpg]
[learningexample.com/assets/images/light/game-road-no-taken-2-1920x1080.jpg]
[learningexample.com/assets/images/light/game-road-no-taken-2-500x375.jpg]
[learningexample.com/assets/images/light/game-road-no-taken-3-1920x1080.jpg]
[learningexample.com/assets/images/light/game-road-no-taken-3-500x375.jpg]
[learningexample.com/assets/images/light/game-road-no-taken-4-1920x1080.jpg]
[learningexample.com/assets/images/light/game-road-no-taken-4-500x375.jpg]
[learningexample.com/assets/images/light/game-road-no-taken-5-1920x1080.jpg]
[learningexample.com/assets/images/light/game-road-no-taken-5-500x375.jpg]
[learningexample.com/assets/images/light/game-road-no-taken-6-1920x1080.jpg]
[learningexample.com/assets/images/light/game-road-no-taken-6-500x375.jpg]
[learningexample.com/assets/images/light/game-road-no-taken-7-1920x1080.jpg]
[learningexample.com/assets/images/light/game-road-no-taken-7-500x375.jpg]
[learningexample.com/assets/images/light/avatar-user-1.png]
[learningexample.com/assets/images/light/avatar-user-4.png]
[learningexample.com/assets/images/light/avatar.png]
[learningexample.com/light-store-product-1.html]
[learningexample.com/assets/images/light/game-botanicula-2-1920x1080.jpg]
[learningexample.com/assets/images/light/game-botanicula-2-500x375.jpg]
[learningexample.com/assets/images/light/game-botanicula-3-1920x1080.jpg]
[learningexample.com/assets/images/light/game-botanicula-3-500x375.jpg]
[learningexample.com/assets/images/light/game-botanicula-4-1920x1080.jpg]
[learningexample.com/assets/images/light/game-botanicula-4-500x375.jpg]
[learningexample.com/assets/images/light/game-botanicula-5-1920x1080.jpg]
[learningexample.com/assets/images/light/game-botanicula-5-500x375.jpg]
[learningexample.com/assets/images/light/game-botanicula-6-1920x1080.jpg]
[learningexample.com/assets/images/light/game-botanicula-6-500x375.jpg]
[learningexample.com/assets/images/light/avatar-user-3.png]
[learningexample.com/light-store-product-2.html]
[learningexample.com/light-checkout.html]
[learningexample.com/light-blog-1.html]
[learningexample.com/light-blog-2.html]
[learningexample.com/light-blog-3.html]
[learningexample.com/light-blog-post-1.html]
[learningexample.com/light-blog-post-2.html]
[learningexample.com/assets/images/light/game-journey-2-1000x660.jpg]
[learningexample.com/assets/images/light/game-journey-2-500x375.jpg]
[learningexample.com/assets/images/light/game-journey-3-1280x720.jpg]
[learningexample.com/assets/images/light/game-journey-3-500x375.jpg]
[learningexample.com/assets/images/light/game-journey-4-2200x1022.jpg]
[learningexample.com/assets/images/light/game-journey-4-500x375.jpg]
[learningexample.com/assets/images/light/game-journey-5-1100x619.jpg]
[learningexample.com/assets/images/light/game-journey-5-500x375.jpg]
[learningexample.com/assets/images/light/game-journey-6-800x450.jpg]
[learningexample.com/assets/images/light/game-journey-6-500x375.jpg]
[learningexample.com/assets/images/light/avatar-user-2.png]
[learningexample.com/light-blog-post-3.html]
[learningexample.com/light-components.html]
[learningexample.com/light-forums.html]
[learningexample.com/light-forums-topics.html]
[learningexample.com/light-forums-single-topic.html]
[learningexample.com/assets/images/light/clan-navi.jpg]
[learningexample.com/assets/images/light/clan-ehome.jpg]
[learningexample.com/assets/images/light/clan-youplay.jpg]
[learningexample.com/assets/images/light/clan-team-secret.jpg]
[learningexample.com/assets/images/light/clan-fnatic.jpg]
[learningexample.com/assets/images/light/clan-skt-t1.jpg]
[learningexample.com/assets/images/light/clan-virtus-pro.jpg]
[learningexample.com/light-matches-list.html]
[learningexample.com/light-match.html]
[learningexample.com/assets/images/light/game-map-dust.jpg]
[learningexample.com/assets/images/light/game-map-mirage.jpg]
[learningexample.com/light-match-2.html]
[learningexample.com/light-login.html]
[learningexample.com/light-widgets.html]
[learningexample.com/assets/images/light/logo-broken-age-400x197.png]
[learningexample.com/light-coming-soon.html]
[learningexample.com/light-contact.html]
[learningexample.com/light-search.html]
[learningexample.com/assets/images/light/game-journey-7-1920x1080.jpg]
[learningexample.com/light-404.html]
[learningexample.com/light-blank.html]
[learningexample.com/assets/images/light/game-journey-1400x460.jpg]
[learningexample.com/light-user-activity.html]
[learningexample.com/light-user-profile.html]
[learningexample.com/light-user-messages.html]
[learningexample.com/light-user-messages-compose.html]
[learningexample.com/light-user-settings.html]
[learningexample.com/assets/images/shooter/avatar-user-1.png]
[learningexample.com/assets/images/shooter/avatar.png]
[learningexample.com/shooter-blog-post.html]
